<?xml version="1.0" encoding="utf-8"?><testsuites><testsuite name="pytest" errors="0" failures="1" skipped="0" tests="2" time="0.068" timestamp="2024-12-16T13:35:05.583329-08:00" hostname="iroh.lan"><testcase classname="tests.test_tqdm" name="test_tqdm" time="0.000"><failure message="AttributeError: module 'tqdm' has no attribute 'tqdm'">def test_tqdm():
&gt;       assert tqdm.tqdm((1, 2, 3), "more", "args") == (1, 2, 3)
E       AttributeError: module 'tqdm' has no attribute 'tqdm'

tests/test_tqdm.py:6: AttributeError</failure></testcase><testcase classname="tests.test_tqdm" name="test_tqdm_auto" time="0.000" /></testsuite></testsuites>